[INFO] Scanning for projects...
[INFO] 
[INFO] ----------------------< org.example:AlkeWalletM5 >----------------------
[INFO] Building AlkeWalletM5 Maven Webapp 1.0-SNAPSHOT
[INFO]   from pom.xml
[INFO] --------------------------------[ war ]---------------------------------
[INFO] 
[INFO] --- clean:3.2.0:clean (default-clean) @ AlkeWalletM5 ---
[INFO] Deleting C:\Users\Usuario\Desktop\Curso java full stack\AlkeWallet\AlkeWalletM5\target
[INFO] 
[INFO] --- resources:3.3.1:resources (default-resources) @ AlkeWalletM5 ---
[INFO] Copying 0 resource from src\main\resources to target\classes
[INFO] 
[INFO] --- compiler:3.11.0:compile (default-compile) @ AlkeWalletM5 ---
[INFO] Changes detected - recompiling the module! :source
[INFO] Compiling 23 source files with javac [debug release 8] to target\classes
[INFO] 
[INFO] --- resources:3.3.1:testResources (default-testResources) @ AlkeWalletM5 ---
[INFO] skip non existing resourceDirectory C:\Users\Usuario\Desktop\Curso java full stack\AlkeWallet\AlkeWalletM5\src\test\resources
[INFO] 
[INFO] --- compiler:3.11.0:testCompile (default-testCompile) @ AlkeWalletM5 ---
[INFO] Changes detected - recompiling the module! :dependency
[INFO] Compiling 2 source files with javac [debug release 8] to target\test-classes
[INFO] 
[INFO] --- surefire:3.2.5:test (default-test) @ AlkeWalletM5 ---
[INFO] Using auto detected provider org.apache.maven.surefire.junitplatform.JUnitPlatformProvider
[INFO] 
[INFO] -------------------------------------------------------
[INFO]  T E S T S
[INFO] -------------------------------------------------------
[INFO] Running AlkeWalletM5.Repositories.UsuarioServiceTest
mvn : WARNING: A Java agent has been loaded dynamically (C:\Users\Usuario\.m2\repository\n
et\bytebuddy\byte-buddy-agent\1.14.12\byte-buddy-agent-1.14.12.jar)
En línea: 1 Carácter: 1
+ mvn clean deploy > maven.log 2>&1
+ ~~~~~~~~~~~~~~~~~~~~~~~~~~~~~~~~~
    + CategoryInfo          : NotSpecified: (WARNING: A Java...nt-1.14.12.jar):String) [] 
   , RemoteException
    + FullyQualifiedErrorId : NativeCommandError
 
WARNING: If a serviceability tool is in use, please run with 
-XX:+EnableDynamicAgentLoading to hide this warning
WARNING: If a serviceability tool is not in use, please run with 
-Djdk.instrument.traceUsage for more information
WARNING: Dynamic loading of agents will be disallowed by default in a future release
Java HotSpot(TM) 64-Bit Server VM warning: Sharing is only supported for boot loader 
classes because bootstrap classpath has been appended
[INFO] Tests run: 1, Failures: 0, Errors: 0, Skipped: 0, Time elapsed: 1.794 s -- in AlkeWalletM5.Repositories.UsuarioServiceTest
[INFO] Running services.UsuarioServiceTest
[INFO] Tests run: 1, Failures: 0, Errors: 0, Skipped: 0, Time elapsed: 0.011 s -- in services.UsuarioServiceTest
[INFO] 
[INFO] Results:
[INFO] 
[INFO] Tests run: 2, Failures: 0, Errors: 0, Skipped: 0
[INFO] 
[INFO] 
[INFO] --- war:3.4.0:war (default-war) @ AlkeWalletM5 ---
[INFO] Packaging webapp
[INFO] Assembling webapp [AlkeWalletM5] in [C:\Users\Usuario\Desktop\Curso java full stack\AlkeWallet\AlkeWalletM5\target\AlkeWalletM5]
[INFO] Processing war project
[INFO] Copying webapp resources [C:\Users\Usuario\Desktop\Curso java full stack\AlkeWallet\AlkeWalletM5\src\main\webapp]
[INFO] Building war: C:\Users\Usuario\Desktop\Curso java full stack\AlkeWallet\AlkeWalletM5\target\AlkeWalletM5.war
[INFO] 
[INFO] --- install:3.1.1:install (default-install) @ AlkeWalletM5 ---
[INFO] Installing C:\Users\Usuario\Desktop\Curso java full stack\AlkeWallet\AlkeWalletM5\pom.xml to C:\Users\Usuario\.m2\repository\org\example\AlkeWalletM5\1.0-SNAPSHOT\AlkeWalletM5-1.0-SNAPSHOT.pom
[INFO] Installing C:\Users\Usuario\Desktop\Curso java full stack\AlkeWallet\AlkeWalletM5\target\AlkeWalletM5.war to C:\Users\Usuario\.m2\repository\org\example\AlkeWalletM5\1.0-SNAPSHOT\AlkeWalletM5-1.0-SNAPSHOT.war
[INFO] 
[INFO] --- deploy:3.1.1:deploy (default-deploy) @ AlkeWalletM5 ---
Downloading from github: https://maven.pkg.github.com/Ismael-Jim/Alke-project/org/example/AlkeWalletM5/1.0-SNAPSHOT/maven-metadata.xml
Uploading to github: https://maven.pkg.github.com/Ismael-Jim/Alke-project/org/example/AlkeWalletM5/1.0-SNAPSHOT/AlkeWalletM5-1.0-20240704.040245-1.pom
Progress (1): 3.3 kB
                    
Uploading to github: https://maven.pkg.github.com/Ismael-Jim/Alke-project/org/example/AlkeWalletM5/1.0-SNAPSHOT/AlkeWalletM5-1.0-20240704.040245-1.war
Progress (1): 0/23 MB
Progress (1): 0.1/23 MB
Progress (1): 0.1/23 MB
Progress (1): 0.1/23 MB
Progress (1): 0.2/23 MB
Progress (1): 0.2/23 MB
Progress (1): 0.2/23 MB
Progress (1): 0.3/23 MB
Progress (1): 0.3/23 MB
Progress (1): 0.3/23 MB
Progress (1): 0.4/23 MB
Progress (1): 0.4/23 MB
Progress (1): 0.4/23 MB
Progress (1): 0.5/23 MB
Progress (1): 0.5/23 MB
Progress (1): 0.5/23 MB
Progress (1): 0.6/23 MB
Progress (1): 0.6/23 MB
Progress (1): 0.6/23 MB
Progress (1): 0.7/23 MB
Progress (1): 0.7/23 MB
Progress (1): 0.7/23 MB
Progress (1): 0.8/23 MB
Progress (1): 0.8/23 MB
Progress (1): 0.8/23 MB
Progress (1): 0.9/23 MB
Progress (1): 0.9/23 MB
Progress (1): 0.9/23 MB
Progress (1): 1.0/23 MB
Progress (1): 1.0/23 MB
Progress (1): 1.0/23 MB
Progress (1): 1.0/23 MB
Progress (1): 1.1/23 MB
Progress (1): 1.1/23 MB
Progress (1): 1.1/23 MB
Progress (1): 1.2/23 MB
Progress (1): 1.2/23 MB
Progress (1): 1.2/23 MB
Progress (1): 1.3/23 MB
Progress (1): 1.3/23 MB
Progress (1): 1.3/23 MB
Progress (1): 1.4/23 MB
Progress (1): 1.4/23 MB
Progress (1): 1.4/23 MB
Progress (1): 1.5/23 MB
Progress (1): 1.5/23 MB
Progress (1): 1.5/23 MB
Progress (1): 1.6/23 MB
Progress (1): 1.6/23 MB
Progress (1): 1.6/23 MB
Progress (1): 1.7/23 MB
Progress (1): 1.7/23 MB
Progress (1): 1.7/23 MB
Progress (1): 1.8/23 MB
Progress (1): 1.8/23 MB
Progress (1): 1.8/23 MB
Progress (1): 1.9/23 MB
Progress (1): 1.9/23 MB
Progress (1): 1.9/23 MB
Progress (1): 2.0/23 MB
Progress (1): 2.0/23 MB
Progress (1): 2.0/23 MB
Progress (1): 2.1/23 MB
Progress (1): 2.1/23 MB
Progress (1): 2.1/23 MB
Progress (1): 2.2/23 MB
Progress (1): 2.2/23 MB
Progress (1): 2.2/23 MB
Progress (1): 2.3/23 MB
Progress (1): 2.3/23 MB
Progress (1): 2.3/23 MB
Progress (1): 2.4/23 MB
Progress (1): 2.4/23 MB
Progress (1): 2.4/23 MB
Progress (1): 2.5/23 MB
Progress (1): 2.5/23 MB
Progress (1): 2.5/23 MB
Progress (1): 2.6/23 MB
Progress (1): 2.6/23 MB
Progress (1): 2.6/23 MB
Progress (1): 2.7/23 MB
Progress (1): 2.7/23 MB
Progress (1): 2.7/23 MB
Progress (1): 2.8/23 MB
Progress (1): 2.8/23 MB
Progress (1): 2.8/23 MB
Progress (1): 2.9/23 MB
Progress (1): 2.9/23 MB
Progress (1): 2.9/23 MB
Progress (1): 2.9/23 MB
Progress (1): 3.0/23 MB
Progress (1): 3.0/23 MB
Progress (1): 3.0/23 MB
Progress (1): 3.1/23 MB
Progress (1): 3.1/23 MB
Progress (1): 3.1/23 MB
Progress (1): 3.2/23 MB
Progress (1): 3.2/23 MB
Progress (1): 3.2/23 MB
Progress (1): 3.3/23 MB
Progress (1): 3.3/23 MB
Progress (1): 3.3/23 MB
Progress (1): 3.4/23 MB
Progress (1): 3.4/23 MB
Progress (1): 3.4/23 MB
Progress (1): 3.5/23 MB
Progress (1): 3.5/23 MB
Progress (1): 3.5/23 MB
Progress (1): 3.6/23 MB
Progress (1): 3.6/23 MB
Progress (1): 3.6/23 MB
Progress (1): 3.7/23 MB
Progress (1): 3.7/23 MB
Progress (1): 3.7/23 MB
Progress (1): 3.8/23 MB
Progress (1): 3.8/23 MB
Progress (1): 3.8/23 MB
Progress (1): 3.9/23 MB
Progress (1): 3.9/23 MB
Progress (1): 3.9/23 MB
Progress (1): 4.0/23 MB
Progress (1): 4.0/23 MB
Progress (1): 4.0/23 MB
Progress (1): 4.1/23 MB
Progress (1): 4.1/23 MB
Progress (1): 4.1/23 MB
Progress (1): 4.2/23 MB
Progress (1): 4.2/23 MB
Progress (1): 4.2/23 MB
Progress (1): 4.3/23 MB
Progress (1): 4.3/23 MB
Progress (1): 4.3/23 MB
Progress (1): 4.4/23 MB
Progress (1): 4.4/23 MB
Progress (1): 4.4/23 MB
Progress (1): 4.5/23 MB
Progress (1): 4.5/23 MB
Progress (1): 4.5/23 MB
Progress (1): 4.6/23 MB
Progress (1): 4.6/23 MB
Progress (1): 4.6/23 MB
Progress (1): 4.7/23 MB
Progress (1): 4.7/23 MB
Progress (1): 4.7/23 MB
Progress (1): 4.8/23 MB
Progress (1): 4.8/23 MB
Progress (1): 4.8/23 MB
Progress (1): 4.8/23 MB
Progress (1): 4.9/23 MB
Progress (1): 4.9/23 MB
Progress (1): 4.9/23 MB
Progress (1): 5.0/23 MB
Progress (1): 5.0/23 MB
Progress (1): 5.0/23 MB
Progress (1): 5.1/23 MB
Progress (1): 5.1/23 MB
Progress (1): 5.1/23 MB
Progress (1): 5.2/23 MB
Progress (1): 5.2/23 MB
Progress (1): 5.2/23 MB
Progress (1): 5.3/23 MB
Progress (1): 5.3/23 MB
Progress (1): 5.3/23 MB
Progress (1): 5.4/23 MB
Progress (1): 5.4/23 MB
Progress (1): 5.4/23 MB
Progress (1): 5.5/23 MB
Progress (1): 5.5/23 MB
Progress (1): 5.5/23 MB
Progress (1): 5.6/23 MB
Progress (1): 5.6/23 MB
Progress (1): 5.6/23 MB
Progress (1): 5.7/23 MB
Progress (1): 5.7/23 MB
Progress (1): 5.7/23 MB
Progress (1): 5.8/23 MB
Progress (1): 5.8/23 MB
Progress (1): 5.8/23 MB
Progress (1): 5.9/23 MB
Progress (1): 5.9/23 MB
Progress (1): 5.9/23 MB
Progress (1): 6.0/23 MB
Progress (1): 6.0/23 MB
Progress (1): 6.0/23 MB
Progress (1): 6.1/23 MB
Progress (1): 6.1/23 MB
Progress (1): 6.1/23 MB
Progress (1): 6.2/23 MB
Progress (1): 6.2/23 MB
Progress (1): 6.2/23 MB
Progress (1): 6.3/23 MB
Progress (1): 6.3/23 MB
Progress (1): 6.3/23 MB
Progress (1): 6.4/23 MB
Progress (1): 6.4/23 MB
Progress (1): 6.4/23 MB
Progress (1): 6.5/23 MB
Progress (1): 6.5/23 MB
Progress (1): 6.5/23 MB
Progress (1): 6.6/23 MB
Progress (1): 6.6/23 MB
Progress (1): 6.6/23 MB
Progress (1): 6.7/23 MB
Progress (1): 6.7/23 MB
Progress (1): 6.7/23 MB
Progress (1): 6.8/23 MB
Progress (1): 6.8/23 MB
Progress (1): 6.8/23 MB
Progress (1): 6.8/23 MB
Progress (1): 6.9/23 MB
Progress (1): 6.9/23 MB
Progress (1): 6.9/23 MB
Progress (1): 7.0/23 MB
Progress (1): 7.0/23 MB
Progress (1): 7.0/23 MB
Progress (1): 7.1/23 MB
Progress (1): 7.1/23 MB
Progress (1): 7.1/23 MB
Progress (1): 7.2/23 MB
Progress (1): 7.2/23 MB
Progress (1): 7.2/23 MB
Progress (1): 7.3/23 MB
Progress (1): 7.3/23 MB
Progress (1): 7.3/23 MB
Progress (1): 7.4/23 MB
Progress (1): 7.4/23 MB
Progress (1): 7.4/23 MB
Progress (1): 7.5/23 MB
Progress (1): 7.5/23 MB
Progress (1): 7.5/23 MB
Progress (1): 7.6/23 MB
Progress (1): 7.6/23 MB
Progress (1): 7.6/23 MB
Progress (1): 7.7/23 MB
Progress (1): 7.7/23 MB
Progress (1): 7.7/23 MB
Progress (1): 7.8/23 MB
Progress (1): 7.8/23 MB
Progress (1): 7.8/23 MB
Progress (1): 7.9/23 MB
Progress (1): 7.9/23 MB
Progress (1): 7.9/23 MB
Progress (1): 8.0/23 MB
Progress (1): 8.0/23 MB
Progress (1): 8.0/23 MB
Progress (1): 8.1/23 MB
Progress (1): 8.1/23 MB
Progress (1): 8.1/23 MB
Progress (1): 8.2/23 MB
Progress (1): 8.2/23 MB
Progress (1): 8.2/23 MB
Progress (1): 8.3/23 MB
Progress (1): 8.3/23 MB
Progress (1): 8.3/23 MB
Progress (1): 8.4/23 MB
Progress (1): 8.4/23 MB
Progress (1): 8.4/23 MB
Progress (1): 8.5/23 MB
Progress (1): 8.5/23 MB
Progress (1): 8.5/23 MB
Progress (1): 8.6/23 MB
Progress (1): 8.6/23 MB
Progress (1): 8.6/23 MB
Progress (1): 8.7/23 MB
Progress (1): 8.7/23 MB
Progress (1): 8.7/23 MB
Progress (1): 8.7/23 MB
Progress (1): 8.8/23 MB
Progress (1): 8.8/23 MB
Progress (1): 8.8/23 MB
Progress (1): 8.9/23 MB
Progress (1): 8.9/23 MB
Progress (1): 8.9/23 MB
Progress (1): 9.0/23 MB
Progress (1): 9.0/23 MB
Progress (1): 9.0/23 MB
Progress (1): 9.1/23 MB
Progress (1): 9.1/23 MB
Progress (1): 9.1/23 MB
Progress (1): 9.2/23 MB
Progress (1): 9.2/23 MB
Progress (1): 9.2/23 MB
Progress (1): 9.3/23 MB
Progress (1): 9.3/23 MB
Progress (1): 9.3/23 MB
Progress (1): 9.4/23 MB
Progress (1): 9.4/23 MB
Progress (1): 9.4/23 MB
Progress (1): 9.5/23 MB
Progress (1): 9.5/23 MB
Progress (1): 9.5/23 MB
Progress (1): 9.6/23 MB
Progress (1): 9.6/23 MB
Progress (1): 9.6/23 MB
Progress (1): 9.7/23 MB
Progress (1): 9.7/23 MB
Progress (1): 9.7/23 MB
Progress (1): 9.8/23 MB
Progress (1): 9.8/23 MB
Progress (1): 9.8/23 MB
Progress (1): 9.9/23 MB
Progress (1): 9.9/23 MB
Progress (1): 9.9/23 MB
Progress (1): 10.0/23 MB
Progress (1): 10.0/23 MB
Progress (1): 10/23 MB  
Progress (1): 10/23 MB
Progress (1): 10/23 MB
Progress (1): 10/23 MB
Progress (1): 10/23 MB
Progress (1): 10/23 MB
Progress (1): 10/23 MB
Progress (1): 10/23 MB
Progress (1): 10/23 MB
Progress (1): 10/23 MB
Progress (1): 10/23 MB
Progress (1): 10/23 MB
Progress (1): 10/23 MB
Progress (1): 10/23 MB
Progress (1): 10/23 MB
Progress (1): 11/23 MB
Progress (1): 11/23 MB
Progress (1): 11/23 MB
Progress (1): 11/23 MB
Progress (1): 11/23 MB
Progress (1): 11/23 MB
Progress (1): 11/23 MB
Progress (1): 11/23 MB
Progress (1): 11/23 MB
Progress (1): 11/23 MB
Progress (1): 11/23 MB
Progress (1): 11/23 MB
Progress (1): 11/23 MB
Progress (1): 11/23 MB
Progress (1): 11/23 MB
Progress (1): 11/23 MB
Progress (1): 11/23 MB
Progress (1): 11/23 MB
Progress (1): 11/23 MB
Progress (1): 11/23 MB
Progress (1): 11/23 MB
Progress (1): 11/23 MB
Progress (1): 11/23 MB
Progress (1): 11/23 MB
Progress (1): 11/23 MB
Progress (1): 11/23 MB
Progress (1): 11/23 MB
Progress (1): 11/23 MB
Progress (1): 11/23 MB
Progress (1): 11/23 MB
Progress (1): 12/23 MB
Progress (1): 12/23 MB
Progress (1): 12/23 MB
Progress (1): 12/23 MB
Progress (1): 12/23 MB
Progress (1): 12/23 MB
Progress (1): 12/23 MB
Progress (1): 12/23 MB
Progress (1): 12/23 MB
Progress (1): 12/23 MB
Progress (1): 12/23 MB
Progress (1): 12/23 MB
Progress (1): 12/23 MB
Progress (1): 12/23 MB
Progress (1): 12/23 MB
Progress (1): 12/23 MB
Progress (1): 12/23 MB
Progress (1): 12/23 MB
Progress (1): 12/23 MB
Progress (1): 12/23 MB
Progress (1): 12/23 MB
Progress (1): 12/23 MB
Progress (1): 12/23 MB
Progress (1): 12/23 MB
Progress (1): 12/23 MB
Progress (1): 12/23 MB
Progress (1): 12/23 MB
Progress (1): 12/23 MB
Progress (1): 12/23 MB
Progress (1): 12/23 MB
Progress (1): 12/23 MB
Progress (1): 13/23 MB
Progress (1): 13/23 MB
Progress (1): 13/23 MB
Progress (1): 13/23 MB
Progress (1): 13/23 MB
Progress (1): 13/23 MB
Progress (1): 13/23 MB
Progress (1): 13/23 MB
Progress (1): 13/23 MB
Progress (1): 13/23 MB
Progress (1): 13/23 MB
Progress (1): 13/23 MB
Progress (1): 13/23 MB
Progress (1): 13/23 MB
Progress (1): 13/23 MB
Progress (1): 13/23 MB
Progress (1): 13/23 MB
Progress (1): 13/23 MB
Progress (1): 13/23 MB
Progress (1): 13/23 MB
Progress (1): 13/23 MB
Progress (1): 13/23 MB
Progress (1): 13/23 MB
Progress (1): 13/23 MB
Progress (1): 13/23 MB
Progress (1): 13/23 MB
Progress (1): 13/23 MB
Progress (1): 13/23 MB
Progress (1): 13/23 MB
Progress (1): 13/23 MB
Progress (1): 14/23 MB
Progress (1): 14/23 MB
Progress (1): 14/23 MB
Progress (1): 14/23 MB
Progress (1): 14/23 MB
Progress (1): 14/23 MB
Progress (1): 14/23 MB
Progress (1): 14/23 MB
Progress (1): 14/23 MB
Progress (1): 14/23 MB
Progress (1): 14/23 MB
Progress (1): 14/23 MB
Progress (1): 14/23 MB
Progress (1): 14/23 MB
Progress (1): 14/23 MB
Progress (1): 14/23 MB
Progress (1): 14/23 MB
Progress (1): 14/23 MB
Progress (1): 14/23 MB
Progress (1): 14/23 MB
Progress (1): 14/23 MB
Progress (1): 14/23 MB
Progress (1): 14/23 MB
Progress (1): 14/23 MB
Progress (1): 14/23 MB
Progress (1): 14/23 MB
Progress (1): 14/23 MB
Progress (1): 14/23 MB
Progress (1): 14/23 MB
Progress (1): 14/23 MB
Progress (1): 14/23 MB
Progress (1): 15/23 MB
Progress (1): 15/23 MB
Progress (1): 15/23 MB
Progress (1): 15/23 MB
Progress (1): 15/23 MB
Progress (1): 15/23 MB
Progress (1): 15/23 MB
Progress (1): 15/23 MB
Progress (1): 15/23 MB
Progress (1): 15/23 MB
Progress (1): 15/23 MB
Progress (1): 15/23 MB
Progress (1): 15/23 MB
Progress (1): 15/23 MB
Progress (1): 15/23 MB
Progress (1): 15/23 MB
Progress (1): 15/23 MB
Progress (1): 15/23 MB
Progress (1): 15/23 MB
Progress (1): 15/23 MB
Progress (1): 15/23 MB
Progress (1): 15/23 MB
Progress (1): 15/23 MB
Progress (1): 15/23 MB
Progress (1): 15/23 MB
Progress (1): 15/23 MB
Progress (1): 15/23 MB
Progress (1): 15/23 MB
Progress (1): 15/23 MB
Progress (1): 15/23 MB
Progress (1): 15/23 MB
Progress (1): 16/23 MB
Progress (1): 16/23 MB
Progress (1): 16/23 MB
Progress (1): 16/23 MB
Progress (1): 16/23 MB
Progress (1): 16/23 MB
Progress (1): 16/23 MB
Progress (1): 16/23 MB
Progress (1): 16/23 MB
Progress (1): 16/23 MB
Progress (1): 16/23 MB
Progress (1): 16/23 MB
Progress (1): 16/23 MB
Progress (1): 16/23 MB
Progress (1): 16/23 MB
Progress (1): 16/23 MB
Progress (1): 16/23 MB
Progress (1): 16/23 MB
Progress (1): 16/23 MB
Progress (1): 16/23 MB
Progress (1): 16/23 MB
Progress (1): 16/23 MB
Progress (1): 16/23 MB
Progress (1): 16/23 MB
Progress (1): 16/23 MB
Progress (1): 16/23 MB
Progress (1): 16/23 MB
Progress (1): 16/23 MB
Progress (1): 16/23 MB
Progress (1): 16/23 MB
Progress (1): 17/23 MB
Progress (1): 17/23 MB
Progress (1): 17/23 MB
Progress (1): 17/23 MB
Progress (1): 17/23 MB
Progress (1): 17/23 MB
Progress (1): 17/23 MB
Progress (1): 17/23 MB
Progress (1): 17/23 MB
Progress (1): 17/23 MB
Progress (1): 17/23 MB
Progress (1): 17/23 MB
Progress (1): 17/23 MB
Progress (1): 17/23 MB
Progress (1): 17/23 MB
Progress (1): 17/23 MB
Progress (1): 17/23 MB
Progress (1): 17/23 MB
Progress (1): 17/23 MB
Progress (1): 17/23 MB
Progress (1): 17/23 MB
Progress (1): 17/23 MB
Progress (1): 17/23 MB
Progress (1): 17/23 MB
Progress (1): 17/23 MB
Progress (1): 17/23 MB
Progress (1): 17/23 MB
Progress (1): 17/23 MB
Progress (1): 17/23 MB
Progress (1): 17/23 MB
Progress (1): 17/23 MB
Progress (1): 18/23 MB
Progress (1): 18/23 MB
Progress (1): 18/23 MB
Progress (1): 18/23 MB
Progress (1): 18/23 MB
Progress (1): 18/23 MB
Progress (1): 18/23 MB
Progress (1): 18/23 MB
Progress (1): 18/23 MB
Progress (1): 18/23 MB
Progress (1): 18/23 MB
Progress (1): 18/23 MB
Progress (1): 18/23 MB
Progress (1): 18/23 MB
Progress (1): 18/23 MB
Progress (1): 18/23 MB
Progress (1): 18/23 MB
Progress (1): 18/23 MB
Progress (1): 18/23 MB
Progress (1): 18/23 MB
Progress (1): 18/23 MB
Progress (1): 18/23 MB
Progress (1): 18/23 MB
Progress (1): 18/23 MB
Progress (1): 18/23 MB
Progress (1): 18/23 MB
Progress (1): 18/23 MB
Progress (1): 18/23 MB
Progress (1): 18/23 MB
Progress (1): 18/23 MB
Progress (1): 19/23 MB
Progress (1): 19/23 MB
Progress (1): 19/23 MB
Progress (1): 19/23 MB
Progress (1): 19/23 MB
Progress (1): 19/23 MB
Progress (1): 19/23 MB
Progress (1): 19/23 MB
Progress (1): 19/23 MB
Progress (1): 19/23 MB
Progress (1): 19/23 MB
Progress (1): 19/23 MB
Progress (1): 19/23 MB
Progress (1): 19/23 MB
Progress (1): 19/23 MB
Progress (1): 19/23 MB
Progress (1): 19/23 MB
Progress (1): 19/23 MB
Progress (1): 19/23 MB
Progress (1): 19/23 MB
Progress (1): 19/23 MB
Progress (1): 19/23 MB
Progress (1): 19/23 MB
Progress (1): 19/23 MB
Progress (1): 19/23 MB
Progress (1): 19/23 MB
Progress (1): 19/23 MB
Progress (1): 19/23 MB
Progress (1): 19/23 MB
Progress (1): 19/23 MB
Progress (1): 19/23 MB
Progress (1): 20/23 MB
Progress (1): 20/23 MB
Progress (1): 20/23 MB
Progress (1): 20/23 MB
Progress (1): 20/23 MB
Progress (1): 20/23 MB
Progress (1): 20/23 MB
Progress (1): 20/23 MB
Progress (1): 20/23 MB
Progress (1): 20/23 MB
Progress (1): 20/23 MB
Progress (1): 20/23 MB
Progress (1): 20/23 MB
Progress (1): 20/23 MB
Progress (1): 20/23 MB
Progress (1): 20/23 MB
Progress (1): 20/23 MB
Progress (1): 20/23 MB
Progress (1): 20/23 MB
Progress (1): 20/23 MB
Progress (1): 20/23 MB
Progress (1): 20/23 MB
Progress (1): 20/23 MB
Progress (1): 20/23 MB
Progress (1): 20/23 MB
Progress (1): 20/23 MB
Progress (1): 20/23 MB
Progress (1): 20/23 MB
Progress (1): 20/23 MB
Progress (1): 20/23 MB
Progress (1): 21/23 MB
Progress (1): 21/23 MB
Progress (1): 21/23 MB
Progress (1): 21/23 MB
Progress (1): 21/23 MB
Progress (1): 21/23 MB
Progress (1): 21/23 MB
Progress (1): 21/23 MB
Progress (1): 21/23 MB
Progress (1): 21/23 MB
Progress (1): 21/23 MB
Progress (1): 21/23 MB
Progress (1): 21/23 MB
Progress (1): 21/23 MB
Progress (1): 21/23 MB
Progress (1): 21/23 MB
Progress (1): 21/23 MB
Progress (1): 21/23 MB
Progress (1): 21/23 MB
Progress (1): 21/23 MB
Progress (1): 21/23 MB
Progress (1): 21/23 MB
Progress (1): 21/23 MB
Progress (1): 21/23 MB
Progress (1): 21/23 MB
Progress (1): 21/23 MB
Progress (1): 21/23 MB
Progress (1): 21/23 MB
Progress (1): 21/23 MB
Progress (1): 21/23 MB
Progress (1): 21/23 MB
Progress (1): 22/23 MB
Progress (1): 22/23 MB
Progress (1): 22/23 MB
Progress (1): 22/23 MB
Progress (1): 22/23 MB
Progress (1): 22/23 MB
Progress (1): 22/23 MB
Progress (1): 22/23 MB
Progress (1): 22/23 MB
Progress (1): 22/23 MB
Progress (1): 22/23 MB
Progress (1): 22/23 MB
Progress (1): 22/23 MB
Progress (1): 22/23 MB
Progress (1): 22/23 MB
Progress (1): 22/23 MB
Progress (1): 22/23 MB
Progress (1): 22/23 MB
Progress (1): 22/23 MB
Progress (1): 22/23 MB
Progress (1): 22/23 MB
Progress (1): 22/23 MB
Progress (1): 22/23 MB
Progress (1): 22/23 MB
Progress (1): 22/23 MB
Progress (1): 22/23 MB
Progress (1): 22/23 MB
Progress (1): 22/23 MB
Progress (1): 22/23 MB
Progress (1): 22/23 MB
Progress (1): 23/23 MB
Progress (1): 23 MB   
                   
[INFO] ------------------------------------------------------------------------
[INFO] BUILD FAILURE
[INFO] ------------------------------------------------------------------------
[INFO] Total time:  15.059 s
[INFO] Finished at: 2024-07-04T00:03:00-04:00
[INFO] ------------------------------------------------------------------------
[ERROR] Failed to execute goal org.apache.maven.plugins:maven-deploy-plugin:3.1.1:deploy (default-deploy) on project AlkeWalletM5: Failed to deploy artifacts: Could not transfer artifact org.example:AlkeWalletM5:pom:1.0-20240704.040245-1 from/to github (https://maven.pkg.github.com/Ismael-Jim/Alke-project): status code: 422, reason phrase: Unprocessable Entity (422) -> [Help 1]
[ERROR] 
[ERROR] To see the full stack trace of the errors, re-run Maven with the -e switch.
[ERROR] Re-run Maven using the -X switch to enable full debug logging.
[ERROR] 
[ERROR] For more information about the errors and possible solutions, please read the following articles:
[ERROR] [Help 1] http://cwiki.apache.org/confluence/display/MAVEN/MojoExecutionException
